Classic Timing Analyzer report for pll
Sat May 05 13:58:09 2012
Quartus II Version 10.0 Build 218 06/27/2010 SJ Full Version


---------------------
; Table of Contents ;
---------------------
  1. Legal Notice
  2. Classic Timing Analyzer Deprecation
  3. Timing Analyzer Summary
  4. Timing Analyzer Settings
  5. Clock Settings Summary
  6. Parallel Compilation
  7. tco
  8. Timing Analyzer Messages



----------------
; Legal Notice ;
----------------
Copyright (C) 1991-2010 Altera Corporation
Your use of Altera Corporation's design tools, logic functions 
and other software and tools, and its AMPP partner logic 
functions, and any output files from any of the foregoing 
(including device programming or simulation files), and any 
associated documentation or information are expressly subject 
to the terms and conditions of the Altera Program License 
Subscription Agreement, Altera MegaCore Function License 
Agreement, or other applicable license agreement, including, 
without limitation, that your use is for the sole purpose of 
programming logic devices manufactured by Altera and sold by 
Altera or its authorized distributors.  Please refer to the 
applicable agreement for further details.



---------------------------------------
; Classic Timing Analyzer Deprecation ;
---------------------------------------
Classic Timing Analyzer will not be available in a future release of the Quartus II software. Use the TimeQuest Timing Analyzer to run timing analysis on your design. Convert all the project settings and the timing constraints to TimeQuest Timing Analyzer equivalents.


+------------------------------------------------------------------------------------------------------------------------------------------------+
; Timing Analyzer Summary                                                                                                                        ;
+------------------------------+-------+---------------+-------------+-------------------------------+----+------------+----------+--------------+
; Type                         ; Slack ; Required Time ; Actual Time ; From                          ; To ; From Clock ; To Clock ; Failed Paths ;
+------------------------------+-------+---------------+-------------+-------------------------------+----+------------+----------+--------------+
; Worst-case tco               ; N/A   ; None          ; 0.868 ns    ; altpll:altpll_component|_clk0 ; c0 ; inclk0     ; --       ; 0            ;
; Total number of failed paths ;       ;               ;             ;                               ;    ;            ;          ; 0            ;
+------------------------------+-------+---------------+-------------+-------------------------------+----+------------+----------+--------------+


+-----------------------------------------------------------------------------------------------------------------------------------------------------+
; Timing Analyzer Settings                                                                                                                            ;
+------------------------------------------------------------------------------------------------------+--------------------+------+----+-------------+
; Option                                                                                               ; Setting            ; From ; To ; Entity Name ;
+------------------------------------------------------------------------------------------------------+--------------------+------+----+-------------+
; Device Name                                                                                          ; EP2C35F672C6       ;      ;    ;             ;
; Timing Models                                                                                        ; Final              ;      ;    ;             ;
; Default hold multicycle                                                                              ; Same as Multicycle ;      ;    ;             ;
; Cut paths between unrelated clock domains                                                            ; On                 ;      ;    ;             ;
; Cut off read during write signal paths                                                               ; On                 ;      ;    ;             ;
; Cut off feedback from I/O pins                                                                       ; On                 ;      ;    ;             ;
; Report Combined Fast/Slow Timing                                                                     ; Off                ;      ;    ;             ;
; Ignore Clock Settings                                                                                ; Off                ;      ;    ;             ;
; Analyze latches as synchronous elements                                                              ; On                 ;      ;    ;             ;
; Enable Recovery/Removal analysis                                                                     ; Off                ;      ;    ;             ;
; Enable Clock Latency                                                                                 ; Off                ;      ;    ;             ;
; Use TimeQuest Timing Analyzer                                                                        ; Off                ;      ;    ;             ;
; Minimum Core Junction Temperature                                                                    ; 0                  ;      ;    ;             ;
; Maximum Core Junction Temperature                                                                    ; 85                 ;      ;    ;             ;
; Number of source nodes to report per destination node                                                ; 10                 ;      ;    ;             ;
; Number of destination nodes to report                                                                ; 10                 ;      ;    ;             ;
; Number of paths to report                                                                            ; 200                ;      ;    ;             ;
; Report Minimum Timing Checks                                                                         ; Off                ;      ;    ;             ;
; Use Fast Timing Models                                                                               ; Off                ;      ;    ;             ;
; Report IO Paths Separately                                                                           ; Off                ;      ;    ;             ;
; Perform Multicorner Analysis                                                                         ; On                 ;      ;    ;             ;
; Reports the worst-case path for each clock domain and analysis                                       ; Off                ;      ;    ;             ;
; Reports worst-case timing paths for each clock domain and analysis                                   ; On                 ;      ;    ;             ;
; Specifies the maximum number of worst-case timing paths to report for each clock domain and analysis ; 100                ;      ;    ;             ;
; Removes common clock path pessimism (CCPP) during slack computation                                  ; Off                ;      ;    ;             ;
+------------------------------------------------------------------------------------------------------+--------------------+------+----+-------------+


+-------------------------------------------------------------------------------------------------------------------------------------------------------------------------------------------------------+
; Clock Settings Summary                                                                                                                                                                                ;
+-------------------------------+--------------------+------------+------------------+---------------+--------------+----------+-----------------------+---------------------+-----------+--------------+
; Clock Node Name               ; Clock Setting Name ; Type       ; Fmax Requirement ; Early Latency ; Late Latency ; Based on ; Multiply Base Fmax by ; Divide Base Fmax by ; Offset    ; Phase offset ;
+-------------------------------+--------------------+------------+------------------+---------------+--------------+----------+-----------------------+---------------------+-----------+--------------+
; altpll:altpll_component|_clk0 ;                    ; PLL output ; 200.0 MHz        ; 0.000 ns      ; 0.000 ns     ; inclk0   ; 4                     ; 1                   ; -2.358 ns ;              ;
; inclk0                        ;                    ; User Pin   ; 50.0 MHz         ; 0.000 ns      ; 0.000 ns     ; --       ; N/A                   ; N/A                 ; N/A       ;              ;
+-------------------------------+--------------------+------------+------------------+---------------+--------------+----------+-----------------------+---------------------+-----------+--------------+


+------------------------------------------+
; Parallel Compilation                     ;
+----------------------------+-------------+
; Processors                 ; Number      ;
+----------------------------+-------------+
; Number detected on machine ; 4           ;
; Maximum allowed            ; 4           ;
;                            ;             ;
; Average used               ; 1.00        ;
; Maximum used               ; 1           ;
;                            ;             ;
; Usage by Processor         ; % Time Used ;
;     1 processor            ; 100.0%      ;
;     2-4 processors         ;   0.0%      ;
+----------------------------+-------------+


+-------------------------------------------------------------------------------------+
; tco                                                                                 ;
+-------+--------------+------------+-------------------------------+----+------------+
; Slack ; Required tco ; Actual tco ; From                          ; To ; From Clock ;
+-------+--------------+------------+-------------------------------+----+------------+
; N/A   ; None         ; 0.868 ns   ; altpll:altpll_component|_clk0 ; c0 ; inclk0     ;
+-------+--------------+------------+-------------------------------+----+------------+


+--------------------------+
; Timing Analyzer Messages ;
+--------------------------+
Info: *******************************************************************
Info: Running Quartus II Classic Timing Analyzer
    Info: Version 10.0 Build 218 06/27/2010 SJ Full Version
    Info: Processing started: Sat May 05 13:58:09 2012
Info: Command: quartus_tan --read_settings_files=off --write_settings_files=off pll -c pll --timing_analysis_only
Warning: Classic Timing Analyzer will not be available in a future release of the Quartus II software. Use the TimeQuest Timing Analyzer to run timing analysis on your design. Convert all the project settings and the timing constraints to TimeQuest Timing Analyzer equivalents.
Info: Parallel compilation is enabled and will use 4 of the 4 processors detected
Warning: Clock latency analysis for PLL offsets is supported for the current device family, but is not enabled
Info: Found timing assignments -- calculating delays
Info: No valid register-to-register data paths exist for clock "altpll:altpll_component|_clk0"
Info: No valid register-to-register data paths exist for clock "inclk0"
Info: tco from clock "inclk0" to destination pin "c0" through clock "altpll:altpll_component|_clk0" is 0.868 ns
    Info: + Offset between input clock "inclk0" and output clock "altpll:altpll_component|_clk0" is -2.358 ns
    Info: + Longest clock to pin delay is 3.226 ns
        Info: 1: + IC(0.000 ns) + CELL(0.000 ns) = 0.000 ns; Loc. = PLL_1; Fanout = 1; CLK Node = 'altpll:altpll_component|_clk0'
        Info: 2: + IC(0.000 ns) + CELL(0.000 ns) = 0.000 ns; Loc. = CLKCTRL_X0_Y1_N1; Fanout = 1; COMB Node = 'altpll:altpll_component|_clk0~clkctrl_e'
        Info: 3: + IC(0.604 ns) + CELL(2.622 ns) = 3.226 ns; Loc. = PIN_AA7; Fanout = 0; PIN Node = 'c0'
        Info: Total cell delay = 2.622 ns ( 81.28 % )
        Info: Total interconnect delay = 0.604 ns ( 18.72 % )
Info: Quartus II Classic Timing Analyzer was successful. 0 errors, 2 warnings
    Info: Peak virtual memory: 223 megabytes
    Info: Processing ended: Sat May 05 13:58:09 2012
    Info: Elapsed time: 00:00:00
    Info: Total CPU time (on all processors): 00:00:01


